2026-09-24 08:41:11.323: [INFO] CurrentProfilePath: D:\JAVA MODULE\DSA\.metadata\.plugins\org.eclipse.swt\EBWebView\Default
2026-09-24 08:41:11.323: [INFO] Profiles total count: 1
2026-09-24 08:41:11.323: [INFO] Profile: name=Profile 1 path=D:\JAVA MODULE\DSA\.metadata\.plugins\org.eclipse.swt\EBWebView\Default lastActive=null
2026-09-24 08:41:11.323: [INFO] LastUsedProfileDir: D:\JAVA MODULE\DSA\.metadata\.plugins\org.eclipse.swt\EBWebView\Default
2026-09-24 08:41:11.323: [INFO] OnDoneLoading sync enabled: 0
2026-09-24 08:41:11.323: [INFO] BookmarkModelLoaded, ids_reassigned: 0
2026-09-24 08:41:11.323: [INFO] BookmarksLoadDropped droppedNodes=0
2026-09-24 08:41:11.323: [INFO] BookmarksSnapshot Startup total=0 bar=0 other=0 mobile=0 showBar=0 showBarNTP=1
2026-09-24 08:41:28.856: [INFO] BookmarksSnapshot Shutdown total=0 bar=0 other=0 mobile=0 showBar=0 showBarNTP=1
2026-09-24 08:48:42.036: [INFO] CurrentProfilePath: D:\JAVA MODULE\DSA\.metadata\.plugins\org.eclipse.swt\EBWebView\Default
2026-09-24 08:48:42.036: [INFO] Profiles total count: 1
2026-09-24 08:48:42.036: [INFO] Profile: name=Profile 1 path=D:\JAVA MODULE\DSA\.metadata\.plugins\org.eclipse.swt\EBWebView\Default lastActive=2026-09-24T08:41:26.925Z
2026-09-24 08:48:42.036: [INFO] LastUsedProfileDir: D:\JAVA MODULE\DSA\.metadata\.plugins\org.eclipse.swt\EBWebView\Default
2026-09-24 08:48:42.036: [INFO] MostRecentlyActiveProfile: name=Profile 1 path=D:\JAVA MODULE\DSA\.metadata\.plugins\org.eclipse.swt\EBWebView\Default lastActive=2026-09-24T08:41:26.925Z
2026-09-24 08:48:42.036: [INFO] OnDoneLoading sync enabled: 0
2026-09-24 08:48:42.036: [INFO] BookmarkModelLoaded, ids_reassigned: 0
2026-09-24 08:48:42.036: [INFO] BookmarksLoadDropped droppedNodes=0
2026-09-24 08:48:42.036: [INFO] BookmarksSnapshot Startup total=0 bar=0 other=0 mobile=0 showBar=0 showBarNTP=1
2026-09-24 08:49:27.121: [INFO] BookmarksSnapshot Shutdown total=0 bar=0 other=0 mobile=0 showBar=0 showBarNTP=1
2026-09-24 08:50:50.981: [INFO] CurrentProfilePath: D:\JAVA MODULE\DSA\.metadata\.plugins\org.eclipse.swt\EBWebView\Default
2026-09-24 08:50:50.981: [INFO] Profiles total count: 1
2026-09-24 08:50:50.981: [INFO] Profile: name=Profile 1 path=D:\JAVA MODULE\DSA\.metadata\.plugins\org.eclipse.swt\EBWebView\Default lastActive=2026-09-24T08:41:26.925Z
2026-09-24 08:50:50.981: [INFO] LastUsedProfileDir: D:\JAVA MODULE\DSA\.metadata\.plugins\org.eclipse.swt\EBWebView\Default
2026-09-24 08:50:50.981: [INFO] MostRecentlyActiveProfile: name=Profile 1 path=D:\JAVA MODULE\DSA\.metadata\.plugins\org.eclipse.swt\EBWebView\Default lastActive=2026-09-24T08:41:26.925Z
2026-09-24 08:50:50.981: [INFO] OnDoneLoading sync enabled: 0
2026-09-24 08:50:50.981: [INFO] BookmarkModelLoaded, ids_reassigned: 0
2026-09-24 08:50:50.981: [INFO] BookmarksLoadDropped droppedNodes=0
2026-09-24 08:50:50.981: [INFO] BookmarksSnapshot Startup total=0 bar=0 other=0 mobile=0 showBar=0 showBarNTP=1
2026-09-24 10:46:59.879: [INFO] BookmarksSnapshot Shutdown total=0 bar=0 other=0 mobile=0 showBar=0 showBarNTP=1
2026-09-24 10:50:06.802: [INFO] CurrentProfilePath: D:\JAVA MODULE\DSA\.metadata\.plugins\org.eclipse.swt\EBWebView\Default
2026-09-24 10:50:06.802: [INFO] Profiles total count: 1
2026-09-24 10:50:06.802: [INFO] Profile: name=Profile 1 path=D:\JAVA MODULE\DSA\.metadata\.plugins\org.eclipse.swt\EBWebView\Default lastActive=2026-09-24T10:34:38.217Z
2026-09-24 10:50:06.802: [INFO] LastUsedProfileDir: D:\JAVA MODULE\DSA\.metadata\.plugins\org.eclipse.swt\EBWebView\Default
2026-09-24 10:50:06.802: [INFO] MostRecentlyActiveProfile: name=Profile 1 path=D:\JAVA MODULE\DSA\.metadata\.plugins\org.eclipse.swt\EBWebView\Default lastActive=2026-09-24T10:34:38.217Z
2026-09-24 10:50:06.802: [INFO] OnDoneLoading sync enabled: 0
2026-09-24 10:50:06.802: [INFO] BookmarkModelLoaded, ids_reassigned: 0
2026-09-24 10:50:06.802: [INFO] BookmarksLoadDropped droppedNodes=0
2026-09-24 10:50:06.802: [INFO] BookmarksSnapshot Startup total=0 bar=0 other=0 mobile=0 showBar=0 showBarNTP=1
2026-09-24 12:38:57.025: [INFO] BookmarksSnapshot Shutdown total=0 bar=0 other=0 mobile=0 showBar=0 showBarNTP=1
2026-09-24 19:46:32.623: [INFO] CurrentProfilePath: D:\JAVA MODULE\DSA\.metadata\.plugins\org.eclipse.swt\EBWebView\Default
2026-09-24 19:46:32.623: [INFO] Profiles total count: 1
2026-09-24 19:46:32.623: [INFO] Profile: name=Profile 1 path=D:\JAVA MODULE\DSA\.metadata\.plugins\org.eclipse.swt\EBWebView\Default lastActive=2026-09-24T10:34:38.217Z
2026-09-24 19:46:32.623: [INFO] LastUsedProfileDir: D:\JAVA MODULE\DSA\.metadata\.plugins\org.eclipse.swt\EBWebView\Default
2026-09-24 19:46:32.623: [INFO] MostRecentlyActiveProfile: name=Profile 1 path=D:\JAVA MODULE\DSA\.metadata\.plugins\org.eclipse.swt\EBWebView\Default lastActive=2026-09-24T10:34:38.217Z
2026-09-24 19:46:32.623: [INFO] OnDoneLoading sync enabled: 0
2026-09-24 19:46:32.623: [INFO] BookmarkModelLoaded, ids_reassigned: 0
2026-09-24 19:46:32.623: [INFO] BookmarksLoadDropped droppedNodes=0
2026-09-24 19:46:32.623: [INFO] BookmarksSnapshot Startup total=0 bar=0 other=0 mobile=0 showBar=0 showBarNTP=1
2026-09-24 19:52:19.119: [INFO] BookmarksSnapshot Shutdown total=0 bar=0 other=0 mobile=0 showBar=0 showBarNTP=1
2026-09-27 12:03:05.333: [INFO] CurrentProfilePath: D:\JAVA MODULE\DSA\.metadata\.plugins\org.eclipse.swt\EBWebView\Default
2026-09-27 12:03:05.333: [INFO] Profiles total count: 1
2026-09-27 12:03:05.335: [INFO] Profile: name=Profile 1 path=D:\JAVA MODULE\DSA\.metadata\.plugins\org.eclipse.swt\EBWebView\Default lastActive=2026-09-24T10:34:38.217Z
2026-09-27 12:03:05.335: [INFO] LastUsedProfileDir: D:\JAVA MODULE\DSA\.metadata\.plugins\org.eclipse.swt\EBWebView\Default
2026-09-27 12:03:05.335: [INFO] MostRecentlyActiveProfile: name=Profile 1 path=D:\JAVA MODULE\DSA\.metadata\.plugins\org.eclipse.swt\EBWebView\Default lastActive=2026-09-24T10:34:38.217Z
2026-09-27 12:03:05.335: [INFO] OnDoneLoading sync enabled: 0
2026-09-27 12:03:05.335: [INFO] BookmarkModelLoaded, ids_reassigned: 0
2026-09-27 12:03:05.335: [INFO] BookmarksLoadDropped droppedNodes=0
2026-09-27 12:03:05.335: [INFO] BookmarksSnapshot Startup total=0 bar=0 other=0 mobile=0 showBar=0 showBarNTP=1
2026-09-27 12:15:54.239: [INFO] BookmarksSnapshot Shutdown total=0 bar=0 other=0 mobile=0 showBar=0 showBarNTP=1
2026-09-27 12:24:33.873: [INFO] CurrentProfilePath: D:\JAVA MODULE\DSA\.metadata\.plugins\org.eclipse.swt\EBWebView\Default
2026-09-27 12:24:33.873: [INFO] Profiles total count: 1
2026-09-27 12:24:33.873: [INFO] Profile: name=Profile 1 path=D:\JAVA MODULE\DSA\.metadata\.plugins\org.eclipse.swt\EBWebView\Default lastActive=2026-09-24T10:34:38.217Z
2026-09-27 12:24:33.873: [INFO] LastUsedProfileDir: D:\JAVA MODULE\DSA\.metadata\.plugins\org.eclipse.swt\EBWebView\Default
2026-09-27 12:24:33.873: [INFO] MostRecentlyActiveProfile: name=Profile 1 path=D:\JAVA MODULE\DSA\.metadata\.plugins\org.eclipse.swt\EBWebView\Default lastActive=2026-09-24T10:34:38.217Z
2026-09-27 12:24:33.873: [INFO] OnDoneLoading sync enabled: 0
2026-09-27 12:24:33.873: [INFO] BookmarkModelLoaded, ids_reassigned: 0
2026-09-27 12:24:33.873: [INFO] BookmarksLoadDropped droppedNodes=0
2026-09-27 12:24:33.873: [INFO] BookmarksSnapshot Startup total=0 bar=0 other=0 mobile=0 showBar=0 showBarNTP=1
2026-09-28 07:05:18.747: [INFO] CurrentProfilePath: D:\JAVA MODULE\DSA\.metadata\.plugins\org.eclipse.swt\EBWebView\Default
2026-09-28 07:05:18.747: [INFO] Profiles total count: 1
2026-09-28 07:05:18.747: [INFO] Profile: name=Profile 1 path=D:\JAVA MODULE\DSA\.metadata\.plugins\org.eclipse.swt\EBWebView\Default lastActive=2026-09-24T10:34:38.217Z
2026-09-28 07:05:18.747: [INFO] LastUsedProfileDir: D:\JAVA MODULE\DSA\.metadata\.plugins\org.eclipse.swt\EBWebView\Default
2026-09-28 07:05:18.747: [INFO] MostRecentlyActiveProfile: name=Profile 1 path=D:\JAVA MODULE\DSA\.metadata\.plugins\org.eclipse.swt\EBWebView\Default lastActive=2026-09-24T10:34:38.217Z
2026-09-28 07:05:18.747: [INFO] OnDoneLoading sync enabled: 0
2026-09-28 07:05:18.747: [INFO] BookmarkModelLoaded, ids_reassigned: 0
2026-09-28 07:05:18.747: [INFO] BookmarksLoadDropped droppedNodes=0
2026-09-28 07:05:18.747: [INFO] BookmarksSnapshot Startup total=0 bar=0 other=0 mobile=0 showBar=0 showBarNTP=1
2026-09-28 07:52:10.238: [INFO] BookmarksSnapshot Shutdown total=0 bar=0 other=0 mobile=0 showBar=0 showBarNTP=1
2026-09-28 07:56:55.380: [INFO] CurrentProfilePath: D:\JAVA MODULE\DSA\.metadata\.plugins\org.eclipse.swt\EBWebView\Default
2026-09-28 07:56:55.380: [INFO] Profiles total count: 1
2026-09-28 07:56:55.380: [INFO] Profile: name=Profile 1 path=D:\JAVA MODULE\DSA\.metadata\.plugins\org.eclipse.swt\EBWebView\Default lastActive=2026-09-24T10:34:38.217Z
2026-09-28 07:56:55.380: [INFO] LastUsedProfileDir: D:\JAVA MODULE\DSA\.metadata\.plugins\org.eclipse.swt\EBWebView\Default
2026-09-28 07:56:55.380: [INFO] MostRecentlyActiveProfile: name=Profile 1 path=D:\JAVA MODULE\DSA\.metadata\.plugins\org.eclipse.swt\EBWebView\Default lastActive=2026-09-24T10:34:38.217Z
2026-09-28 07:56:55.380: [INFO] OnDoneLoading sync enabled: 0
2026-09-28 07:56:55.380: [INFO] BookmarkModelLoaded, ids_reassigned: 0
2026-09-28 07:56:55.380: [INFO] BookmarksLoadDropped droppedNodes=0
2026-09-28 07:56:55.380: [INFO] BookmarksSnapshot Startup total=0 bar=0 other=0 mobile=0 showBar=0 showBarNTP=1
2026-09-28 17:22:41.899: [INFO] BookmarksSnapshot Shutdown total=0 bar=0 other=0 mobile=0 showBar=0 showBarNTP=1
2026-09-29 08:58:54.315: [INFO] CurrentProfilePath: D:\JAVA MODULE\DSA\.metadata\.plugins\org.eclipse.swt\EBWebView\Default
2026-09-29 08:58:54.315: [INFO] Profiles total count: 1
2026-09-29 08:58:54.316: [INFO] Profile: name=Profile 1 path=D:\JAVA MODULE\DSA\.metadata\.plugins\org.eclipse.swt\EBWebView\Default lastActive=2026-09-28T12:04:12.464Z
2026-09-29 08:58:54.316: [INFO] LastUsedProfileDir: D:\JAVA MODULE\DSA\.metadata\.plugins\org.eclipse.swt\EBWebView\Default
2026-09-29 08:58:54.316: [INFO] MostRecentlyActiveProfile: name=Profile 1 path=D:\JAVA MODULE\DSA\.metadata\.plugins\org.eclipse.swt\EBWebView\Default lastActive=2026-09-28T12:04:12.464Z
2026-09-29 08:58:54.316: [INFO] OnDoneLoading sync enabled: 0
2026-09-29 08:58:54.316: [INFO] BookmarkModelLoaded, ids_reassigned: 0
2026-09-29 08:58:54.316: [INFO] BookmarksLoadDropped droppedNodes=0
2026-09-29 08:58:54.316: [INFO] BookmarksSnapshot Startup total=0 bar=0 other=0 mobile=0 showBar=0 showBarNTP=1
2026-09-29 11:13:39.787: [INFO] BookmarksSnapshot Shutdown total=0 bar=0 other=0 mobile=0 showBar=0 showBarNTP=1
2026-09-29 11:25:36.380: [INFO] CurrentProfilePath: D:\JAVA MODULE\DSA\.metadata\.plugins\org.eclipse.swt\EBWebView\Default
2026-09-29 11:25:36.380: [INFO] Profiles total count: 1
2026-09-29 11:25:36.380: [INFO] Profile: name=Profile 1 path=D:\JAVA MODULE\DSA\.metadata\.plugins\org.eclipse.swt\EBWebView\Default lastActive=2026-09-28T12:04:12.464Z
2026-09-29 11:25:36.380: [INFO] LastUsedProfileDir: D:\JAVA MODULE\DSA\.metadata\.plugins\org.eclipse.swt\EBWebView\Default
2026-09-29 11:25:36.380: [INFO] MostRecentlyActiveProfile: name=Profile 1 path=D:\JAVA MODULE\DSA\.metadata\.plugins\org.eclipse.swt\EBWebView\Default lastActive=2026-09-28T12:04:12.464Z
2026-09-29 11:25:36.380: [INFO] OnDoneLoading sync enabled: 0
2026-09-29 11:25:36.380: [INFO] BookmarkModelLoaded, ids_reassigned: 0
2026-09-29 11:25:36.380: [INFO] BookmarksLoadDropped droppedNodes=0
2026-09-29 11:25:36.380: [INFO] BookmarksSnapshot Startup total=0 bar=0 other=0 mobile=0 showBar=0 showBarNTP=1
2026-09-29 13:28:42.109: [INFO] BookmarksSnapshot Shutdown total=0 bar=0 other=0 mobile=0 showBar=0 showBarNTP=1
2026-09-29 13:35:31.855: [INFO] CurrentProfilePath: D:\JAVA MODULE\DSA\.metadata\.plugins\org.eclipse.swt\EBWebView\Default
2026-09-29 13:35:31.855: [INFO] Profiles total count: 1
2026-09-29 13:35:31.855: [INFO] Profile: name=Profile 1 path=D:\JAVA MODULE\DSA\.metadata\.plugins\org.eclipse.swt\EBWebView\Default lastActive=2026-09-28T12:04:12.464Z
2026-09-29 13:35:31.855: [INFO] LastUsedProfileDir: D:\JAVA MODULE\DSA\.metadata\.plugins\org.eclipse.swt\EBWebView\Default
2026-09-29 13:35:31.856: [INFO] MostRecentlyActiveProfile: name=Profile 1 path=D:\JAVA MODULE\DSA\.metadata\.plugins\org.eclipse.swt\EBWebView\Default lastActive=2026-09-28T12:04:12.464Z
2026-09-29 13:35:31.856: [INFO] OnDoneLoading sync enabled: 0
2026-09-29 13:35:31.856: [INFO] BookmarkModelLoaded, ids_reassigned: 0
2026-09-29 13:35:31.856: [INFO] BookmarksLoadDropped droppedNodes=0
2026-09-29 13:35:31.856: [INFO] BookmarksSnapshot Startup total=0 bar=0 other=0 mobile=0 showBar=0 showBarNTP=1
2026-09-29 13:35:32.048: [INFO] BookmarksSnapshot Shutdown total=0 bar=0 other=0 mobile=0 showBar=0 showBarNTP=1
2026-09-29 13:36:03.452: [INFO] CurrentProfilePath: D:\JAVA MODULE\DSA\.metadata\.plugins\org.eclipse.swt\EBWebView\Default
2026-09-29 13:36:03.452: [INFO] Profiles total count: 1
2026-09-29 13:36:03.452: [INFO] Profile: name=Profile 1 path=D:\JAVA MODULE\DSA\.metadata\.plugins\org.eclipse.swt\EBWebView\Default lastActive=2026-09-28T12:04:12.464Z
2026-09-29 13:36:03.452: [INFO] LastUsedProfileDir: D:\JAVA MODULE\DSA\.metadata\.plugins\org.eclipse.swt\EBWebView\Default
2026-09-29 13:36:03.452: [INFO] MostRecentlyActiveProfile: name=Profile 1 path=D:\JAVA MODULE\DSA\.metadata\.plugins\org.eclipse.swt\EBWebView\Default lastActive=2026-09-28T12:04:12.464Z
2026-09-29 13:36:03.452: [INFO] OnDoneLoading sync enabled: 0
2026-09-29 13:36:03.452: [INFO] BookmarkModelLoaded, ids_reassigned: 0
2026-09-29 13:36:03.452: [INFO] BookmarksLoadDropped droppedNodes=0
2026-09-29 13:36:03.452: [INFO] BookmarksSnapshot Startup total=0 bar=0 other=0 mobile=0 showBar=0 showBarNTP=1
2026-09-29 13:36:20.047: [INFO] BookmarksSnapshot Shutdown total=0 bar=0 other=0 mobile=0 showBar=0 showBarNTP=1
2026-09-29 13:39:35.912: [INFO] CurrentProfilePath: D:\JAVA MODULE\DSA\.metadata\.plugins\org.eclipse.swt\EBWebView\Default
2026-09-29 13:39:35.912: [INFO] Profiles total count: 1
2026-09-29 13:39:35.912: [INFO] Profile: name=Profile 1 path=D:\JAVA MODULE\DSA\.metadata\.plugins\org.eclipse.swt\EBWebView\Default lastActive=2026-09-28T12:04:12.464Z
2026-09-29 13:39:35.913: [INFO] LastUsedProfileDir: D:\JAVA MODULE\DSA\.metadata\.plugins\org.eclipse.swt\EBWebView\Default
2026-09-29 13:39:35.913: [INFO] MostRecentlyActiveProfile: name=Profile 1 path=D:\JAVA MODULE\DSA\.metadata\.plugins\org.eclipse.swt\EBWebView\Default lastActive=2026-09-28T12:04:12.464Z
2026-09-29 13:39:35.913: [INFO] OnDoneLoading sync enabled: 0
2026-09-29 13:39:35.913: [INFO] BookmarkModelLoaded, ids_reassigned: 0
2026-09-29 13:39:35.913: [INFO] BookmarksLoadDropped droppedNodes=0
2026-09-29 13:39:35.913: [INFO] BookmarksSnapshot Startup total=0 bar=0 other=0 mobile=0 showBar=0 showBarNTP=1
2026-09-29 13:43:46.420: [INFO] BookmarksSnapshot Shutdown total=0 bar=0 other=0 mobile=0 showBar=0 showBarNTP=1
2026-09-29 13:43:46.660: [INFO] CurrentProfilePath: D:\JAVA MODULE\DSA\.metadata\.plugins\org.eclipse.swt\EBWebView\Default
2026-09-29 13:43:46.660: [INFO] Profiles total count: 1
2026-09-29 13:43:46.660: [INFO] Profile: name=Profile 1 path=D:\JAVA MODULE\DSA\.metadata\.plugins\org.eclipse.swt\EBWebView\Default lastActive=2026-09-28T12:04:12.464Z
2026-09-29 13:43:46.660: [INFO] LastUsedProfileDir: D:\JAVA MODULE\DSA\.metadata\.plugins\org.eclipse.swt\EBWebView\Default
2026-09-29 13:43:46.660: [INFO] MostRecentlyActiveProfile: name=Profile 1 path=D:\JAVA MODULE\DSA\.metadata\.plugins\org.eclipse.swt\EBWebView\Default lastActive=2026-09-28T12:04:12.464Z
2026-09-29 13:43:46.660: [INFO] OnDoneLoading sync enabled: 0
2026-09-29 13:43:46.660: [INFO] BookmarkModelLoaded, ids_reassigned: 0
2026-09-29 13:43:46.660: [INFO] BookmarksLoadDropped droppedNodes=0
2026-09-29 13:43:46.660: [INFO] BookmarksSnapshot Startup total=0 bar=0 other=0 mobile=0 showBar=0 showBarNTP=1
2026-09-29 13:44:46.410: [INFO] BookmarksSnapshot Shutdown total=0 bar=0 other=0 mobile=0 showBar=0 showBarNTP=1
2026-09-29 13:44:46.565: [INFO] CurrentProfilePath: D:\JAVA MODULE\DSA\.metadata\.plugins\org.eclipse.swt\EBWebView\Default
2026-09-29 13:44:46.565: [INFO] Profiles total count: 1
2026-09-29 13:44:46.565: [INFO] Profile: name=Profile 1 path=D:\JAVA MODULE\DSA\.metadata\.plugins\org.eclipse.swt\EBWebView\Default lastActive=2026-09-28T12:04:12.464Z
2026-09-29 13:44:46.565: [INFO] LastUsedProfileDir: D:\JAVA MODULE\DSA\.metadata\.plugins\org.eclipse.swt\EBWebView\Default
2026-09-29 13:44:46.565: [INFO] MostRecentlyActiveProfile: name=Profile 1 path=D:\JAVA MODULE\DSA\.metadata\.plugins\org.eclipse.swt\EBWebView\Default lastActive=2026-09-28T12:04:12.464Z
2026-09-29 13:44:46.565: [INFO] OnDoneLoading sync enabled: 0
2026-09-29 13:44:46.565: [INFO] BookmarkModelLoaded, ids_reassigned: 0
2026-09-29 13:44:46.565: [INFO] BookmarksLoadDropped droppedNodes=0
2026-09-29 13:44:46.565: [INFO] BookmarksSnapshot Startup total=0 bar=0 other=0 mobile=0 showBar=0 showBarNTP=1
2026-09-29 13:45:07.866: [INFO] BookmarksSnapshot Shutdown total=0 bar=0 other=0 mobile=0 showBar=0 showBarNTP=1
2026-09-29 13:51:20.147: [INFO] CurrentProfilePath: D:\JAVA MODULE\DSA\.metadata\.plugins\org.eclipse.swt\EBWebView\Default
2026-09-29 13:51:20.147: [INFO] Profiles total count: 1
2026-09-29 13:51:20.147: [INFO] Profile: name=Profile 1 path=D:\JAVA MODULE\DSA\.metadata\.plugins\org.eclipse.swt\EBWebView\Default lastActive=2026-09-28T12:04:12.464Z
2026-09-29 13:51:20.147: [INFO] LastUsedProfileDir: D:\JAVA MODULE\DSA\.metadata\.plugins\org.eclipse.swt\EBWebView\Default
2026-09-29 13:51:20.147: [INFO] MostRecentlyActiveProfile: name=Profile 1 path=D:\JAVA MODULE\DSA\.metadata\.plugins\org.eclipse.swt\EBWebView\Default lastActive=2026-09-28T12:04:12.464Z
2026-09-29 13:51:20.147: [INFO] OnDoneLoading sync enabled: 0
2026-09-29 13:51:20.147: [INFO] BookmarkModelLoaded, ids_reassigned: 0
2026-09-29 13:51:20.147: [INFO] BookmarksLoadDropped droppedNodes=0
2026-09-29 13:51:20.147: [INFO] BookmarksSnapshot Startup total=0 bar=0 other=0 mobile=0 showBar=0 showBarNTP=1
2026-09-29 13:53:35.854: [INFO] BookmarksSnapshot Shutdown total=0 bar=0 other=0 mobile=0 showBar=0 showBarNTP=1
2026-09-30 09:02:03.357: [INFO] CurrentProfilePath: D:\JAVA MODULE\DSA\.metadata\.plugins\org.eclipse.swt\EBWebView\Default
2026-09-30 09:02:03.357: [INFO] Profiles total count: 1
2026-09-30 09:02:03.357: [INFO] Profile: name=Profile 1 path=D:\JAVA MODULE\DSA\.metadata\.plugins\org.eclipse.swt\EBWebView\Default lastActive=2026-09-28T12:04:12.464Z
2026-09-30 09:02:03.357: [INFO] LastUsedProfileDir: D:\JAVA MODULE\DSA\.metadata\.plugins\org.eclipse.swt\EBWebView\Default
2026-09-30 09:02:03.357: [INFO] MostRecentlyActiveProfile: name=Profile 1 path=D:\JAVA MODULE\DSA\.metadata\.plugins\org.eclipse.swt\EBWebView\Default lastActive=2026-09-28T12:04:12.464Z
2026-09-30 09:02:03.357: [INFO] OnDoneLoading sync enabled: 0
2026-09-30 09:02:03.357: [INFO] BookmarkModelLoaded, ids_reassigned: 0
2026-09-30 09:02:03.357: [INFO] BookmarksLoadDropped droppedNodes=0
2026-09-30 09:02:03.357: [INFO] BookmarksSnapshot Startup total=0 bar=0 other=0 mobile=0 showBar=0 showBarNTP=1
2026-09-30 09:04:51.600: [INFO] BookmarksSnapshot Shutdown total=0 bar=0 other=0 mobile=0 showBar=0 showBarNTP=1
2026-09-30 09:06:48.597: [INFO] CurrentProfilePath: D:\JAVA MODULE\DSA\.metadata\.plugins\org.eclipse.swt\EBWebView\Default
2026-09-30 09:06:48.597: [INFO] Profiles total count: 1
2026-09-30 09:06:48.598: [INFO] Profile: name=Profile 1 path=D:\JAVA MODULE\DSA\.metadata\.plugins\org.eclipse.swt\EBWebView\Default lastActive=2026-09-28T12:04:12.464Z
2026-09-30 09:06:48.598: [INFO] LastUsedProfileDir: D:\JAVA MODULE\DSA\.metadata\.plugins\org.eclipse.swt\EBWebView\Default
2026-09-30 09:06:48.598: [INFO] MostRecentlyActiveProfile: name=Profile 1 path=D:\JAVA MODULE\DSA\.metadata\.plugins\org.eclipse.swt\EBWebView\Default lastActive=2026-09-28T12:04:12.464Z
2026-09-30 09:06:48.598: [INFO] OnDoneLoading sync enabled: 0
2026-09-30 09:06:48.598: [INFO] BookmarkModelLoaded, ids_reassigned: 0
2026-09-30 09:06:48.598: [INFO] BookmarksLoadDropped droppedNodes=0
2026-09-30 09:06:48.598: [INFO] BookmarksSnapshot Startup total=0 bar=0 other=0 mobile=0 showBar=0 showBarNTP=1
2026-09-30 09:12:01.569: [INFO] BookmarksSnapshot Shutdown total=0 bar=0 other=0 mobile=0 showBar=0 showBarNTP=1
2026-09-30 09:12:10.252: [INFO] CurrentProfilePath: D:\JAVA MODULE\DSA\.metadata\.plugins\org.eclipse.swt\EBWebView\Default
2026-09-30 09:12:10.252: [INFO] Profiles total count: 1
2026-09-30 09:12:10.252: [INFO] Profile: name=Profile 1 path=D:\JAVA MODULE\DSA\.metadata\.plugins\org.eclipse.swt\EBWebView\Default lastActive=2026-09-28T12:04:12.464Z
2026-09-30 09:12:10.252: [INFO] LastUsedProfileDir: D:\JAVA MODULE\DSA\.metadata\.plugins\org.eclipse.swt\EBWebView\Default
2026-09-30 09:12:10.252: [INFO] MostRecentlyActiveProfile: name=Profile 1 path=D:\JAVA MODULE\DSA\.metadata\.plugins\org.eclipse.swt\EBWebView\Default lastActive=2026-09-28T12:04:12.464Z
2026-09-30 09:12:10.252: [INFO] OnDoneLoading sync enabled: 0
2026-09-30 09:12:10.252: [INFO] BookmarkModelLoaded, ids_reassigned: 0
2026-09-30 09:12:10.252: [INFO] BookmarksLoadDropped droppedNodes=0
2026-09-30 09:12:10.252: [INFO] BookmarksSnapshot Startup total=0 bar=0 other=0 mobile=0 showBar=0 showBarNTP=1
2026-09-30 12:32:37.914: [INFO] BookmarksSnapshot Shutdown total=0 bar=0 other=0 mobile=0 showBar=0 showBarNTP=1
